go : 2026/03/12 16:48:54 ============================
At line:1 char:1
+ go run tools\test_packages.go > tmp\test_output.txt 2>&1; 
Get-Content ...
+ ~~~~~~~~~~~~~~~~~~~~~~~~~~~~~~~~~~~~~~~~~~~~~~~~~~~~~~~~
    + CategoryInfo          : NotSpecified: (2026/03/12 16:4...==== 
   ===========:String) [], RemoteException
    + FullyQualifiedErrorId : NativeCommandError
 
2026/03/12 16:48:54  Package Acceptance Tests
2026/03/12 16:48:54 ============================
2026/03/12 16:48:55 Γ£à Login superadmin berhasil
2026/03/12 16:48:55 
--- Test 1: Edit fitur (tambah/hapus) ---
2026/03/12 16:48:55   ΓåÆ POST /superadmin/packages | HTTP 201 | {"d
ata":{"id":13,"name":"TestPkgTemp","max_kasir":1,"max_products":100,
"price":10000,"is_active":true,"description":null,"features":["Fitur
 Init"],"period":"/bulan","discount_percent":0,"discount_label":null
,"is_popular":false,"sort_order":4,"created_at":"2026-03-12T08:48:55
.334412Z","updated_at":"2026-03-12T08:48:55.334412Z"}}
2026/03/12 16:48:55   ΓåÆ PUT /superadmin/packages/13 | HTTP 200 | {
"data":{"id":13,"name":"TestPkg","max_kasir":1,"max_products":100,"p
rice":50000,"is_active":true,"description":null,"features":["Fitur 
A","Fitur B","Fitur C"],"period":"/bulan","discount_percent":0,"disc
ount_label":null,"is_popular":false,"sort_order":4,"created_at":"202
6-03-12T08:48:55.334412Z","updated_at":"2026-03-12T08:48:55.39064Z"}
}
2026/03/12 16:48:55 
--- Test 2: Fitur dikosongkan semua ---
2026/03/12 16:48:55   ΓåÆ PUT /superadmin/packages/13 | HTTP 200 | {
"data":{"id":13,"name":"TestPkg","max_kasir":1,"max_products":100,"p
rice":50000,"is_active":true,"description":null,"features":[],"perio
d":"/bulan","discount_percent":0,"discount_label":null,"is_popular":
false,"sort_order":4,"created_at":"2026-03-12T08:48:55.334412Z","upd
ated_at":"2026-03-12T08:48:55.518759Z"}}
2026/03/12 16:48:55 
--- Test 3: Toggle is_active ---
2026/03/12 16:48:55   ΓåÆ PUT /superadmin/packages/13 | HTTP 200 | {
"data":{"id":13,"name":"TestPkg","max_kasir":1,"max_products":100,"p
rice":50000,"is_active":false,"description":null,"features":[],"peri
od":"/bulan","discount_percent":0,"discount_label":null,"is_popular"
:false,"sort_order":4,"created_at":"2026-03-12T08:48:55.334412Z","up
dated_at":"2026-03-12T08:48:55.63836Z"}}
2026/03/12 16:48:55 
--- Test 4: Toggle is_popular ΓåÆ reset paket lain ---
2026/03/12 16:48:55   ΓåÆ POST /superadmin/packages | HTTP 201 | {"d
ata":{"id":14,"name":"TestPkgTemp","max_kasir":1,"max_products":100,
"price":10000,"is_active":true,"description":null,"features":["Fitur
 Init"],"period":"/bulan","discount_percent":0,"discount_label":null
,"is_popular":false,"sort_order":5,"created_at":"2026-03-12T08:48:55
.770426Z","updated_at":"2026-03-12T08:48:55.770426Z"}}
2026/03/12 16:48:55   ΓåÆ PATCH /superadmin/packages/13/popular | 
HTTP 200 | {"id":13,"is_popular":true,"message":"Status populer 
paket berhasil diperbarui"}
2026/03/12 16:48:56   ΓåÆ GET /superadmin/packages/14 | HTTP 200 | {
"data":{"id":14,"name":"TestPkgTemp","max_kasir":1,"max_products":10
0,"price":10000,"is_active":true,"description":null,"features":["Fit
ur Init"],"period":"/bulan","discount_percent":0,"discount_label":nu
ll,"is_popular":false,"sort_order":5,"created_at":"2026-03-12T08:48:
55.770426Z","updated_at":"2026-03-12T08:48:55.810289Z"}}
2026/03/12 16:48:56 
--- Test 5: Nullable fields ΓåÆ NULL ---
2026/03/12 16:48:56   ΓåÆ PUT /superadmin/packages/13 | HTTP 200 | {
"data":{"id":13,"name":"TestPkg","max_kasir":1,"max_products":100,"p
rice":50000,"is_active":true,"description":"","features":[],"period"
:"/bulan","discount_percent":0,"discount_label":"","is_popular":fals
e,"sort_order":4,"created_at":"2026-03-12T08:48:55.334412Z","updated
_at":"2026-03-12T08:48:56.006335Z"}}
2026/03/12 16:48:56 
--- Test 6: Update harga/periode/discount ---
2026/03/12 16:48:56   ΓåÆ PUT /superadmin/packages/13 | HTTP 200 | {
"data":{"id":13,"name":"TestPkg-Updated","max_kasir":5,"max_products
":500,"price":299000,"is_active":true,"description":null,"features":
["Fitur X"],"period":"/tahun","discount_percent":10,"discount_label"
:"Hemat!","is_popular":false,"sort_order":4,"created_at":"2026-03-12
T08:48:55.334412Z","updated_at":"2026-03-12T08:48:56.174336Z"}}
2026/03/12 16:48:56 
--- Test 7: POST create paket minimal ---
2026/03/12 16:48:56   ΓåÆ POST /superadmin/packages | HTTP 201 | {"d
ata":{"id":15,"name":"PaketTest7","max_kasir":1,"max_products":50,"p
rice":0,"is_active":false,"description":null,"features":[],"period":
"/bulan","discount_percent":0,"discount_label":null,"is_popular":fal
se,"sort_order":6,"created_at":"2026-03-12T08:48:56.290271Z","update
d_at":"2026-03-12T08:48:56.290271Z"}}
2026/03/12 16:48:56   ΓåÆ DELETE /superadmin/packages/15 | HTTP 200 
| {"message":"Paket berhasil dihapus"}
2026/03/12 16:48:56 
--- Test 8: features format []object ---
2026/03/12 16:48:56   ΓåÆ PUT /superadmin/packages/13 | HTTP 200 | {
"data":{"id":13,"name":"TestPkg","max_kasir":1,"max_products":100,"p
rice":50000,"is_active":true,"description":null,"features":["Fitur 
Object A","Fitur Object B"],"period":"/bulan","discount_percent":0,"
discount_label":null,"is_popular":false,"sort_order":4,"created_at":
"2026-03-12T08:48:55.334412Z","updated_at":"2026-03-12T08:48:56.4464
38Z"}}
2026/03/12 16:48:56   ΓåÆ DELETE /superadmin/packages/13 | HTTP 200 
| {"message":"Paket berhasil dihapus"}
2026/03/12 16:48:56   ΓåÆ DELETE /superadmin/packages/14 | HTTP 200 
| {"message":"Paket berhasil dihapus"}
2026/03/12 16:48:56 
============================
2026/03/12 16:48:56   HASIL ACCEPTANCE TESTS
2026/03/12 16:48:56 ============================
2026/03/12 16:48:56 Γ£à Test 1: Edit fitur 3 baris
2026/03/12 16:48:56 Γ£à Test 2: Fitur kosong ΓåÆ [] tanpa 500
2026/03/12 16:48:56 Γ£à Test 3: Toggle nonaktif ΓåÆ 200
2026/03/12 16:48:56 Γ£à Test 4: Paket lain otomatis false setelah 
toggle populer
2026/03/12 16:48:56 Γ¥î Test 5 | description= discount_label= (want 
null null)
2026/03/12 16:48:56 Γ£à Test 6: Update harga/periode/discount ΓåÆ 
200
2026/03/12 16:48:56 Γ£à Test 7: POST create paket minimal ΓåÆ 201
2026/03/12 16:48:56 Γ£à Test 8: features []object ΓåÆ normalisasi 
ke []string
2026/03/12 16:48:56 
Total: 7/8 passed
